fwrite(stderr)
e
fputs(stderr)
oe_host_write(stderr)
oe_host_write(stderr)
